#
# Autogenerated by generate-bytecode-expectations.
#

---
wrap: yes
private fields: yes
private methods: yes

---
snippet: "
  {
    class A {
      #a() { return 1; }
      constructor() { this.#a(); }
    }
  
    new A;
  }
"
frame size: 7
parameter count: 1
bytecode array length: 74
bytecodes: [
  /*   30 E> */ B(StackCheck),
                B(CreateBlockContext), U8(0),
                B(PushContext), R(2),
                B(LdaTheHole),
                B(StaCurrentContextSlot), U8(4),
                B(LdaTheHole),
                B(StaCurrentContextSlot), U8(5),
                B(LdaTheHole),
                B(Star), R(6),
                B(CreateClosure), U8(2), U8(0), U8(2),
                B(Star), R(3),
                B(LdaConstant), U8(1),
                B(Star), R(4),
                B(CallRuntime), U16(Runtime::kCreatePrivateNameSymbol), R(0), U8(0),
                B(StaCurrentContextSlot), U8(4),
                B(CreateClosure), U8(3), U8(1), U8(2),
                B(StaCurrentContextSlot), U8(5),
                B(Mov), R(3), R(5),
                B(CallRuntime), U16(Runtime::kDefineClass), R(4), U8(3),
                B(Star), R(4),
                B(Mov), R(5), R(0),
                B(CreateClosure), U8(4), U8(2), U8(2),
                B(Star), R(5),
                B(StaNamedProperty), R(3), U8(5), U8(3),
                B(PopContext), R(2),
                B(Mov), R(0), R(1),
  /*  111 S> */ B(Ldar), R(1),
  /*  111 E> */ B(Construct), R(1), R(0), U8(0), U8(5),
                B(LdaUndefined),
  /*  120 S> */ B(Return),
]
constant pool: [
  SCOPE_INFO_TYPE,
  FIXED_ARRAY_TYPE,
  SHARED_FUNCTION_INFO_TYPE,
  SHARED_FUNCTION_INFO_TYPE,
  SHARED_FUNCTION_INFO_TYPE,
  SYMBOL_TYPE,
]
handlers: [
]

---
snippet: "
  {
    class A {
      get #a() { return 1; }
      constructor() { this.#a; }
    }
  
    new A;
  }
"
frame size: 7
parameter count: 1
bytecode array length: 74
bytecodes: [
  /*   30 E> */ B(StackCheck),
                B(CreateBlockContext), U8(0),
                B(PushContext), R(2),
                B(LdaTheHole),
                B(StaCurrentContextSlot), U8(4),
                B(LdaTheHole),
                B(StaCurrentContextSlot), U8(5),
                B(LdaTheHole),
                B(Star), R(6),
                B(CreateClosure), U8(2), U8(0), U8(2),
                B(Star), R(3),
                B(LdaConstant), U8(1),
                B(Star), R(4),
                B(CallRuntime), U16(Runtime::kCreatePrivateNameSymbol), R(0), U8(0),
                B(StaCurrentContextSlot), U8(4),
                B(CreateClosure), U8(3), U8(1), U8(2),
                B(StaCurrentContextSlot), U8(5),
                B(Mov), R(3), R(5),
                B(CallRuntime), U16(Runtime::kDefineClass), R(4), U8(3),
                B(Star), R(4),
                B(Mov), R(5), R(0),
                B(CreateClosure), U8(4), U8(2), U8(2),
                B(Star), R(5),
                B(StaNamedProperty), R(3), U8(5), U8(3),
                B(PopContext), R(2),
                B(Mov), R(0), R(1),
  /*  113 S> */ B(Ldar), R(1),
  /*  113 E> */ B(Construct), R(1), R(0), U8(0), U8(5),
                B(LdaUndefined),
  /*  122 S> */ B(Return),
]
constant pool: [
  SCOPE_INFO_TYPE,
  FIXED_ARRAY_TYPE,
  SHARED_FUNCTION_INFO_TYPE,
  SHARED_FUNCTION_INFO_TYPE,
  SHARED_FUNCTION_INFO_TYPE,
  SYMBOL_TYPE,
]
handlers: [
]

---
snippet: "
  {
    class A {
      set #a(a) {}
      constructor(a) { this.#a = a; }
    }
  
    new A(1);
  }
"
frame size: 7
parameter count: 1
bytecode array length: 78
bytecodes: [
  /*   30 E> */ B(StackCheck),
                B(CreateBlockContext), U8(0),
                B(PushContext), R(2),
                B(LdaTheHole),
                B(StaCurrentContextSlot), U8(4),
                B(LdaTheHole),
                B(StaCurrentContextSlot), U8(5),
                B(LdaTheHole),
                B(Star), R(6),
                B(CreateClosure), U8(2), U8(0), U8(2),
                B(Star), R(3),
                B(LdaConstant), U8(1),
                B(Star), R(4),
                B(CallRuntime), U16(Runtime::kCreatePrivateNameSymbol), R(0), U8(0),
                B(StaCurrentContextSlot), U8(4),
                B(CreateClosure), U8(3), U8(1), U8(2),
                B(StaCurrentContextSlot), U8(5),
                B(Mov), R(3), R(5),
                B(CallRuntime), U16(Runtime::kDefineClass), R(4), U8(3),
                B(Star), R(4),
                B(Mov), R(5), R(0),
                B(CreateClosure), U8(4), U8(2), U8(2),
                B(Star), R(5),
                B(StaNamedProperty), R(3), U8(5), U8(3),
                B(PopContext), R(2),
                B(Mov), R(0), R(1),
  /*  108 S> */ B(LdaSmi), I8(1),
                B(Star), R(3),
                B(Ldar), R(1),
  /*  108 E> */ B(Construct), R(1), R(3), U8(1), U8(5),
                B(LdaUndefined),
  /*  120 S> */ B(Return),
]
constant pool: [
  SCOPE_INFO_TYPE,
  FIXED_ARRAY_TYPE,
  SHARED_FUNCTION_INFO_TYPE,
  SHARED_FUNCTION_INFO_TYPE,
  SHARED_FUNCTION_INFO_TYPE,
  SYMBOL_TYPE,
]
handlers: [
]

---
snippet: "
  {
    class A extends class {} {
      #a() {}
      constructor() {
        super();
        this.#a();
      }
    }
  
    class B extends A {
      #a() {}
      constructor() {
        super();
        this.#a();
      }
    }
  
    new A;
    new B;
  }
"
frame size: 13
parameter count: 1
bytecode array length: 168
bytecodes: [
  /*   30 E> */ B(StackCheck),
                B(CreateBlockContext), U8(0),
                B(PushContext), R(4),
                B(LdaTheHole),
                B(StaCurrentContextSlot), U8(4),
                B(LdaTheHole),
                B(StaCurrentContextSlot), U8(5),
                B(LdaTheHole),
                B(Star), R(12),
                B(CreateClosure), U8(3), U8(0), U8(2),
                B(Star), R(9),
                B(LdaConstant), U8(2),
                B(Star), R(10),
                B(Mov), R(9), R(11),
                B(CallRuntime), U16(Runtime::kDefineClass), R(10), U8(3),
                B(Star), R(10),
                B(CreateClosure), U8(4), U8(1), U8(2),
                B(Star), R(5),
                B(LdaConstant), U8(1),
                B(Star), R(6),
                B(CallRuntime), U16(Runtime::kCreatePrivateNameSymbol), R(0), U8(0),
                B(StaCurrentContextSlot), U8(4),
                B(CreateClosure), U8(5), U8(2), U8(2),
                B(StaCurrentContextSlot), U8(5),
                B(Mov), R(5), R(7),
                B(Mov), R(11), R(8),
                B(CallRuntime), U16(Runtime::kDefineClass), R(6), U8(3),
                B(Star), R(6),
                B(Mov), R(7), R(1),
                B(CreateClosure), U8(6), U8(3), U8(2),
                B(Star), R(7),
                B(StaNamedProperty), R(5), U8(7), U8(4),
                B(PopContext), R(4),
                B(Mov), R(1), R(2),
  /*   38 E> */ B(CreateBlockContext), U8(8),
                B(PushContext), R(4),
                B(LdaTheHole),
                B(StaCurrentContextSlot), U8(4),
                B(LdaTheHole),
                B(StaCurrentContextSlot), U8(5),
  /*  158 E> */ B(CreateClosure), U8(10), U8(6), U8(2),
                B(Star), R(5),
                B(LdaConstant), U8(9),
                B(Star), R(6),
                B(CallRuntime), U16(Runtime::kCreatePrivateNameSymbol), R(0), U8(0),
                B(StaCurrentContextSlot), U8(4),
                B(CreateClosure), U8(11), U8(7), U8(2),
                B(StaCurrentContextSlot), U8(5),
                B(Mov), R(5), R(7),
                B(Mov), R(1), R(8),
                B(CallRuntime), U16(Runtime::kDefineClass), R(6), U8(3),
                B(Star), R(6),
                B(Mov), R(7), R(0),
                B(CreateClosure), U8(12), U8(8), U8(2),
                B(Star), R(7),
                B(StaNamedProperty), R(5), U8(7), U8(9),
                B(PopContext), R(4),
                B(Mov), R(0), R(3),
  /*  239 S> */ B(Ldar), R(1),
  /*  239 E> */ B(Construct), R(1), R(0), U8(0), U8(11),
  /*  248 S> */ B(Ldar), R(0),
  /*  248 E> */ B(Construct), R(0), R(0), U8(0), U8(13),
                B(LdaUndefined),
  /*  257 S> */ B(Return),
]
constant pool: [
  SCOPE_INFO_TYPE,
  FIXED_ARRAY_TYPE,
  FIXED_ARRAY_TYPE,
  SHARED_FUNCTION_INFO_TYPE,
  SHARED_FUNCTION_INFO_TYPE,
  SHARED_FUNCTION_INFO_TYPE,
  SHARED_FUNCTION_INFO_TYPE,
  SYMBOL_TYPE,
  SCOPE_INFO_TYPE,
  FIXED_ARRAY_TYPE,
  SHARED_FUNCTION_INFO_TYPE,
  SHARED_FUNCTION_INFO_TYPE,
  SHARED_FUNCTION_INFO_TYPE,
]
handlers: [
]

