# Copyright 2019 the V8 project authors. All rights reserved.
# Use of this source code is governed by a BSD-style license that can be
# found in the LICENSE file.
*%(basename)s:10: SyntaxError: '#foo' was defined without a getter
    this.#foo++;
        ^^^^
SyntaxError: '#foo' was defined without a getter
    at *%(basename)s:14:1